
> frontend@0.0.0 build
> vite build

[36mvite v7.3.1 [32mbuilding client environment for production...[36m[39m
transforming...
[32mΓ£ô[39m 27 modules transformed.
node.exe : [31mΓ£ù[39m 
Build failed in 466ms
At C:\Program 
Files\nodejs\npm.ps1:29 
char:3
+   & $NODE_EXE 
$NPM_CLI_JS $args
+   ~~~~~~~~~~~~~~~~~~~~~~
~~~~~~~
    + CategoryInfo        
      : NotSpecified: (  
  [31mΓ£ù[39m Build fa   
 iled in 466ms:String)    
 [], RemoteException
    + FullyQualifiedError 
   Id : NativeCommandErr  
  or
 
[31merror during build:
[31m[vite:esbuild] 
Transform failed with 1 
error:
C:/Users/THIDAS/Desktop/IT
PM Project 
Integration/ITPM Project/I
TPM_Project/frontend/src/p
ages/Dashboard.jsx:354:0: 
ERROR: Unexpected 
"export"[31m
file: [36mC:/Users/THIDAS
/Desktop/ITPM Project 
Integration/ITPM Project/I
TPM_Project/frontend/src/p
ages/Dashboard.jsx:354:0[
31m
[33m
[33mUnexpected 
"export"[33m
352 |  };
353 |  
354 |  export default 
Dashboard;
    |  ^
355 |  
[31m
    at 
failureErrorWithLog (C:\Us
ers\THIDAS\Desktop\ITPM 
Project Integration\ITPM P
roject\ITPM_Project\fronte
nd\node_modules\esbuild\li
b\main.js:1467:15)
    at C:\Users\THIDAS\Des
ktop\ITPM Project 
Integration\ITPM Project\I
TPM_Project\frontend\node_
modules\esbuild\lib\main.j
s:736:50
    at responseCallbacks.<
computed> (C:\Users\THIDAS
\Desktop\ITPM Project 
Integration\ITPM Project\I
TPM_Project\frontend\node_
modules\esbuild\lib\main.j
s:603:9)
    at 
handleIncomingPacket (C:\U
sers\THIDAS\Desktop\ITPM 
Project Integration\ITPM P
roject\ITPM_Project\fronte
nd\node_modules\esbuild\li
b\main.js:658:12)
    at 
Socket.readFromStdout (C:\
Users\THIDAS\Desktop\ITPM 
Project Integration\ITPM P
roject\ITPM_Project\fronte
nd\node_modules\esbuild\li
b\main.js:581:7)
    at Socket.emit 
(node:events:518:28)
    at addChunk (node:inte
rnal/streams/readable:561:
12)
    at readableAddChunkPus
hByteMode (node:internal/s
treams/readable:512:3)
    at Readable.push (node
:internal/streams/readable
:392:5)
    at Pipe.onStreamRead (
node:internal/stream_base_
commons:189:23)[39m
